2026-09-16 15:09:16,640 [INFO] english_helper.lookup: Lookup start: concatenate
2026-09-16 15:09:23,010 [ERROR] english_helper.lookup: Timeout when requesting https://api.dictionaryapi.dev/api/v2/entries/en/concatenate
2026-09-16 15:09:23,010 [WARNING] english_helper.lookup: Dictionary API unavailable or empty for word: concatenate
2026-09-16 15:09:24,110 [INFO] english_helper.lookup: Lookup done: concatenate (dict=False, has_chinese=True)
2026-09-16 15:09:24,111 [INFO] english_helper.data: Loaded custom vocabulary count=2
2026-09-16 15:09:24,111 [INFO] english_helper.data: Loaded training records count=0
2026-09-16 15:09:24,111 [INFO] english_helper.data: DataManager initialized
2026-09-16 15:09:24,111 [INFO] english_helper.training: TrainingEngine initialized
2026-09-16 15:09:24,321 [INFO] english_helper.data: Loaded exam questions from excel count=240
2026-09-16 15:09:24,321 [INFO] english_helper.training: Generated exam question year=111 type=綜合測驗 number=10
2026-09-16 15:09:35,518 [INFO] english_helper.lookup: Lookup start: apple
2026-09-16 15:09:41,840 [ERROR] english_helper.lookup: Timeout when requesting https://api.dictionaryapi.dev/api/v2/entries/en/apple
2026-09-16 15:09:41,841 [WARNING] english_helper.lookup: Dictionary API unavailable or empty for word: apple
2026-09-16 15:09:42,777 [INFO] english_helper.lookup: Lookup done: apple (dict=False, has_chinese=True)
2026-09-16 15:15:11,132 [ERROR] english_helper.lookup: Timeout when requesting https://api.dictionaryapi.dev/api/v2/entries/en/apple
2026-09-16 15:15:11,193 [INFO] english_helper.lookup: Provider health check: {'wiktionary': {'ok': 'True', 'fail_count': '0', 'cooldown_until': '0', 'last_error': ''}, 'dictionaryapi': {'ok': 'False', 'fail_count': '1', 'cooldown_until': '1789543091', 'last_error': 'timeout'}, 'datamuse': {'ok': 'True', 'fail_count': '0', 'cooldown_until': '0', 'last_error': ''}}
2026-09-16 15:15:11,194 [INFO] english_helper.lookup: Lookup start: concatenate
2026-09-16 15:15:11,426 [INFO] english_helper.lookup: Dictionary provider selected provider=wiktionary word=concatenate
2026-09-16 15:15:30,196 [ERROR] english_helper.lookup: Timeout when requesting https://api.dictionaryapi.dev/api/v2/entries/en/apple
2026-09-16 15:15:30,296 [INFO] english_helper.lookup: Provider health check: {'wiktionary': {'ok': 'True', 'fail_count': '0', 'cooldown_until': '0', 'last_error': ''}, 'dictionaryapi': {'ok': 'False', 'fail_count': '1', 'cooldown_until': '1789543110', 'last_error': 'timeout'}, 'datamuse': {'ok': 'True', 'fail_count': '0', 'cooldown_until': '0', 'last_error': ''}}
2026-09-16 15:15:30,297 [INFO] english_helper.lookup: Lookup start: concatenate
2026-09-16 15:15:30,523 [INFO] english_helper.lookup: Dictionary provider selected provider=wiktionary word=concatenate
2026-09-16 15:15:31,374 [INFO] english_helper.lookup: Lookup done: concatenate (dict=True, has_chinese=True)
2026-09-16 15:15:31,374 [INFO] english_helper.lookup: Lookup start: apple
2026-09-16 15:15:31,612 [INFO] english_helper.lookup: Dictionary provider selected provider=wiktionary word=apple
2026-09-16 15:15:32,565 [INFO] english_helper.lookup: Lookup done: apple (dict=True, has_chinese=True)
2026-09-16 15:15:32,566 [INFO] english_helper.lookup: Lookup start: abandon
2026-09-16 15:15:32,782 [INFO] english_helper.lookup: Dictionary provider selected provider=wiktionary word=abandon
2026-09-16 15:15:33,629 [INFO] english_helper.lookup: Lookup done: abandon (dict=True, has_chinese=True)
2026-09-16 15:15:45,101 [INFO] english_helper.lookup: Lookup start: concatenate
2026-09-16 15:15:45,331 [INFO] english_helper.lookup: Dictionary provider selected provider=wiktionary word=concatenate
2026-09-16 15:15:46,146 [INFO] english_helper.lookup: Lookup done: concatenate (dict=True, has_chinese=True)
2026-09-16 15:15:56,563 [INFO] english_helper.data: Loaded custom vocabulary count=2
2026-09-16 15:15:56,564 [INFO] english_helper.data: Loaded training records count=0
2026-09-16 15:15:56,564 [INFO] english_helper.data: DataManager initialized
2026-09-16 15:15:56,751 [INFO] english_helper.data: Loaded exam questions from excel count=240
2026-09-16 15:15:56,751 [INFO] english_helper.ui: Application startup: exam questions loaded
2026-09-16 15:15:56,770 [INFO] english_helper.training: TrainingEngine initialized
2026-09-16 15:15:57,136 [INFO] english_helper.ui: Application window shown
2026-09-16 15:16:02,763 [INFO] english_helper.ui: Vocabulary lookup requested word=continue
2026-09-16 15:16:02,764 [INFO] english_helper.lookup: Lookup start: continue
2026-09-16 15:16:03,726 [INFO] english_helper.lookup: Dictionary provider selected provider=wiktionary word=continue
2026-09-16 15:16:04,716 [INFO] english_helper.lookup: Lookup done: continue (dict=True, has_chinese=True)
2026-09-16 15:16:04,717 [INFO] english_helper.ui: Vocabulary lookup success word=continue
2026-09-16 15:17:38,246 [INFO] english_helper.lookup: Lookup start: continue
2026-09-16 15:17:38,523 [INFO] english_helper.lookup: Dictionary provider selected provider=wiktionary word=continue
2026-09-16 15:17:39,576 [INFO] english_helper.lookup: Lookup done: continue (dict=True, has_chinese=True)
2026-09-16 15:17:51,638 [INFO] english_helper.data: Loaded custom vocabulary count=2
2026-09-16 15:17:51,638 [INFO] english_helper.data: Loaded training records count=0
2026-09-16 15:17:51,638 [INFO] english_helper.data: DataManager initialized
2026-09-16 15:17:51,829 [INFO] english_helper.data: Loaded exam questions from excel count=240
2026-09-16 15:17:51,829 [INFO] english_helper.ui: Application startup: exam questions loaded
2026-09-16 15:17:51,846 [INFO] english_helper.training: TrainingEngine initialized
2026-09-16 15:17:52,234 [INFO] english_helper.ui: Application window shown
2026-09-16 15:17:59,225 [INFO] english_helper.ui: Vocabulary lookup requested word=average
2026-09-16 15:17:59,227 [INFO] english_helper.lookup: Lookup start: average
2026-09-16 15:17:59,439 [INFO] english_helper.lookup: Dictionary provider selected provider=wiktionary word=average
2026-09-16 15:18:00,601 [INFO] english_helper.lookup: Lookup done: average (dict=True, has_chinese=True)
2026-09-16 15:18:00,603 [INFO] english_helper.ui: Vocabulary lookup success word=average
2026-09-16 15:18:29,050 [INFO] english_helper.data: Saved custom vocabulary count=3
2026-09-16 15:18:29,051 [INFO] english_helper.data: Added custom word english=average id=1003
2026-09-16 15:18:29,052 [INFO] english_helper.ui: Custom vocabulary saved word=average
2026-09-16 15:18:41,200 [INFO] english_helper.ui: Vocabulary lookup requested word=lighter
2026-09-16 15:18:41,201 [INFO] english_helper.lookup: Lookup start: lighter
2026-09-16 15:18:44,150 [INFO] english_helper.lookup: Dictionary provider selected provider=wiktionary word=lighter
2026-09-16 15:18:45,242 [INFO] english_helper.lookup: Lookup done: lighter (dict=True, has_chinese=True)
2026-09-16 15:18:45,245 [INFO] english_helper.ui: Vocabulary lookup success word=lighter
2026-09-16 15:18:51,399 [INFO] english_helper.data: Saved custom vocabulary count=4
2026-09-16 15:18:51,399 [INFO] english_helper.data: Added custom word english=lighter id=1004
2026-09-16 15:18:51,400 [INFO] english_helper.ui: Custom vocabulary saved word=lighter
2026-09-16 15:19:11,734 [INFO] english_helper.ui: Vocabulary training started mode=ch2en
2026-09-16 15:19:11,735 [INFO] english_helper.training: Generated vocabulary question mode=ch2en word_id=1039
2026-09-16 15:19:16,014 [INFO] english_helper.ui: Vocabulary answer correct option=A
2026-09-16 15:19:16,514 [INFO] english_helper.training: Generated vocabulary question mode=ch2en word_id=1037
2026-09-16 15:19:16,515 [INFO] english_helper.ui: Vocabulary next question loaded
2026-09-16 15:21:34,171 [INFO] english_helper.data: Loaded custom vocabulary count=3
2026-09-16 15:21:34,173 [INFO] english_helper.data: Loaded training records count=0
2026-09-16 15:21:34,173 [INFO] english_helper.data: DataManager initialized
2026-09-16 15:21:34,377 [INFO] english_helper.data: Loaded exam questions from excel count=240
2026-09-16 15:21:34,377 [INFO] english_helper.ui: Application startup: exam questions loaded
2026-09-16 15:21:34,395 [INFO] english_helper.training: TrainingEngine initialized
2026-09-16 15:21:34,803 [INFO] english_helper.ui: Application window shown
2026-09-16 15:22:29,457 [INFO] english_helper.lookup: Lookup start: lighter
2026-09-16 15:22:29,879 [INFO] english_helper.lookup: Dictionary provider selected provider=wiktionary word=lighter
2026-09-16 15:22:30,815 [INFO] english_helper.lookup: Lookup done: lighter (dict=True, has_chinese=True)
2026-09-16 15:22:30,816 [INFO] english_helper.lookup: Lookup start: average
2026-09-16 15:22:31,035 [INFO] english_helper.lookup: Dictionary provider selected provider=wiktionary word=average
2026-09-16 15:22:31,935 [INFO] english_helper.lookup: Lookup done: average (dict=True, has_chinese=True)
2026-09-16 15:24:10,028 [INFO] english_helper.data: Loaded custom vocabulary count=3
2026-09-16 15:24:10,028 [INFO] english_helper.data: Loaded training records count=0
2026-09-16 15:24:10,029 [INFO] english_helper.data: DataManager initialized
2026-09-16 15:26:00,208 [INFO] english_helper.data: Loaded custom vocabulary count=3
2026-09-16 15:26:00,208 [INFO] english_helper.data: Loaded training records count=0
2026-09-16 15:26:00,209 [INFO] english_helper.data: DataManager initialized
2026-09-16 15:26:00,421 [INFO] english_helper.data: Loaded exam questions from excel count=240
2026-09-16 15:26:00,421 [INFO] english_helper.ui: Application startup: exam questions loaded
2026-09-16 15:26:00,440 [INFO] english_helper.training: TrainingEngine initialized
2026-09-16 15:26:00,675 [INFO] english_helper.ui: Custom vocabulary table loaded count=3
2026-09-16 15:26:00,888 [INFO] english_helper.ui: Application window shown
2026-09-16 15:26:15,677 [INFO] english_helper.data: Saved custom vocabulary count=2
2026-09-16 15:26:15,677 [INFO] english_helper.data: Deleted custom word id=1001
2026-09-16 15:26:15,678 [INFO] english_helper.ui: Custom vocabulary table loaded count=2
2026-09-16 15:26:15,678 [INFO] english_helper.ui: Custom vocabulary deleted from manager word_id=1001
2026-09-16 15:26:18,866 [INFO] english_helper.data: Saved custom vocabulary count=1
2026-09-16 15:26:18,866 [INFO] english_helper.data: Deleted custom word id=1003
2026-09-16 15:26:18,867 [INFO] english_helper.ui: Custom vocabulary table loaded count=1
2026-09-16 15:26:18,867 [INFO] english_helper.ui: Custom vocabulary deleted from manager word_id=1003
2026-09-16 15:26:21,441 [INFO] english_helper.data: Saved custom vocabulary count=0
2026-09-16 15:26:21,441 [INFO] english_helper.data: Deleted custom word id=1004
2026-09-16 15:26:21,441 [INFO] english_helper.ui: Custom vocabulary table loaded count=0
2026-09-16 15:26:21,442 [INFO] english_helper.ui: Custom vocabulary deleted from manager word_id=1004
2026-09-16 15:27:15,323 [INFO] english_helper.data: Loaded custom vocabulary count=0
2026-09-16 15:27:15,323 [INFO] english_helper.data: Loaded training records count=0
2026-09-16 15:27:15,323 [INFO] english_helper.data: DataManager initialized
2026-09-16 15:27:15,324 [INFO] english_helper.data: Saved custom vocabulary count=1
2026-09-16 15:27:15,324 [INFO] english_helper.data: Replaced custom vocabulary count=1
2026-09-16 15:27:27,105 [INFO] english_helper.data: Loaded custom vocabulary count=0
2026-09-16 15:27:27,106 [INFO] english_helper.data: Loaded training records count=0
2026-09-16 15:27:27,106 [INFO] english_helper.data: DataManager initialized
2026-09-16 15:31:03,504 [INFO] english_helper.data: Loaded custom vocabulary count=0
2026-09-16 15:31:03,505 [INFO] english_helper.data: Loaded training records count=0
2026-09-16 15:31:03,505 [INFO] english_helper.data: DataManager initialized
2026-09-16 15:31:03,506 [INFO] english_helper.data: Saved custom vocabulary count=1
2026-09-16 15:31:03,506 [INFO] english_helper.data: Replaced custom vocabulary count=1
2026-09-16 15:31:03,506 [INFO] english_helper.training: TrainingEngine initialized
2026-09-16 15:31:03,506 [INFO] english_helper.training: Generated vocabulary question mode=ch2en word_id=alpha
2026-09-16 15:31:03,507 [INFO] english_helper.data: Saved custom vocabulary count=0
2026-09-16 15:31:03,507 [INFO] english_helper.data: Replaced custom vocabulary count=0
2026-09-16 15:31:19,717 [INFO] english_helper.data: Loaded custom vocabulary count=0
2026-09-16 15:31:19,718 [INFO] english_helper.data: Loaded training records count=0
2026-09-16 15:31:19,718 [INFO] english_helper.data: DataManager initialized
2026-09-16 15:31:19,718 [INFO] english_helper.training: TrainingEngine initialized
2026-09-16 15:31:19,719 [INFO] english_helper.training: Random quiz started total=5 difficulty=mixed include_vocab=True include_exam=True
2026-09-16 15:31:19,719 [INFO] english_helper.training: Generated vocabulary question mode=ch2en word_id=1082
2026-09-16 15:31:19,719 [INFO] english_helper.training: Generated vocabulary question mode=ch2en word_id=1030
2026-09-16 15:31:19,954 [INFO] english_helper.data: Loaded exam questions from excel count=240
2026-09-16 15:31:19,955 [INFO] english_helper.training: Generated exam question year=113 type=綜合測驗 number=16
2026-09-16 15:31:19,955 [INFO] english_helper.training: Generated exam question year=114 type=文意字彙 number=10
2026-09-16 15:31:19,955 [INFO] english_helper.training: Generated exam question year=113 type=綜合測驗 number=16
2026-09-16 15:31:19,955 [INFO] english_helper.training: Random quiz question pool prepared count=5
2026-09-16 15:31:19,956 [INFO] english_helper.training: Random quiz started total=5 difficulty=mixed include_vocab=True include_exam=True
2026-09-16 15:31:19,956 [INFO] english_helper.training: Generated vocabulary question mode=ch2en word_id=1082
2026-09-16 15:31:19,956 [INFO] english_helper.training: Generated vocabulary question mode=ch2en word_id=1030
2026-09-16 15:31:19,956 [INFO] english_helper.training: Generated exam question year=113 type=綜合測驗 number=16
2026-09-16 15:31:19,956 [INFO] english_helper.training: Generated exam question year=114 type=文意字彙 number=10
2026-09-16 15:31:19,956 [INFO] english_helper.training: Generated exam question year=113 type=綜合測驗 number=16
2026-09-16 15:31:19,956 [INFO] english_helper.training: Random quiz question pool prepared count=5
2026-09-16 15:31:35,210 [INFO] english_helper.data: Loaded custom vocabulary count=0
2026-09-16 15:31:35,211 [INFO] english_helper.data: Loaded training records count=0
2026-09-16 15:31:35,211 [INFO] english_helper.data: DataManager initialized
2026-09-16 15:31:35,400 [INFO] english_helper.data: Loaded exam questions from excel count=240
2026-09-16 15:31:35,401 [INFO] english_helper.ui: Application startup: exam questions loaded
2026-09-16 15:31:35,418 [INFO] english_helper.training: TrainingEngine initialized
2026-09-16 15:31:35,601 [INFO] english_helper.ui: Custom vocabulary table loaded count=0
2026-09-16 15:31:35,806 [INFO] english_helper.ui: Application window shown
2026-09-16 15:31:49,203 [INFO] english_helper.training: Random quiz started total=10 difficulty=easy include_vocab=True include_exam=True
2026-09-16 15:31:49,204 [INFO] english_helper.training: Generated vocabulary question mode=en2ch word_id=1068
2026-09-16 15:31:49,204 [INFO] english_helper.training: Generated exam question year=109 type=綜合測驗 number=12
2026-09-16 15:31:49,204 [INFO] english_helper.training: Generated exam question year=113 type=綜合測驗 number=11
2026-09-16 15:31:49,205 [INFO] english_helper.training: Generated exam question year=113 type=文意字彙 number=20
2026-09-16 15:31:49,205 [INFO] english_helper.training: Generated exam question year=110 type=文意字彙 number=17
2026-09-16 15:31:49,205 [INFO] english_helper.training: Generated exam question year=111 type=綜合測驗 number=11
2026-09-16 15:31:49,205 [INFO] english_helper.training: Generated exam question year=113 type=綜合測驗 number=16
2026-09-16 15:31:49,206 [INFO] english_helper.training: Generated exam question year=113 type=文意字彙 number=10
2026-09-16 15:31:49,206 [INFO] english_helper.training: Generated vocabulary question mode=ch2en word_id=1042
2026-09-16 15:31:49,206 [INFO] english_helper.training: Generated vocabulary question mode=en2ch word_id=1049
2026-09-16 15:31:49,206 [INFO] english_helper.training: Random quiz question pool prepared count=10
2026-09-16 15:31:49,206 [INFO] english_helper.ui: Random quiz started from UI count=10 difficulty=easy include_vocab=True include_exam=True seed=None
2026-09-16 15:31:51,587 [INFO] english_helper.training: Answer submitted index=0 type=vocabulary user=D correct=True
2026-09-16 15:31:51,588 [INFO] english_helper.ui: Random quiz selected option=D correct=True
2026-09-16 15:31:52,090 [INFO] english_helper.ui: Random quiz next question
2026-09-16 15:31:56,156 [INFO] english_helper.training: Answer submitted index=1 type=exam user=D correct=True
2026-09-16 15:31:56,156 [INFO] english_helper.ui: Random quiz selected option=D correct=True
2026-09-16 15:31:56,654 [INFO] english_helper.ui: Random quiz next question
2026-09-16 15:32:11,419 [INFO] english_helper.training: Answer submitted index=2 type=exam user=A correct=False
2026-09-16 15:32:11,419 [INFO] english_helper.ui: Random quiz selected option=A correct=False
2026-09-16 15:32:12,859 [INFO] english_helper.ui: Random quiz next question
2026-09-16 15:32:13,187 [INFO] english_helper.training: Answer submitted index=3 type=exam user=C correct=False
2026-09-16 15:32:13,188 [INFO] english_helper.ui: Random quiz selected option=C correct=False
2026-09-16 15:32:13,771 [INFO] english_helper.ui: Random quiz next question
2026-09-16 15:32:14,099 [INFO] english_helper.training: Answer submitted index=4 type=exam user=C correct=False
2026-09-16 15:32:14,100 [INFO] english_helper.ui: Random quiz selected option=C correct=False
2026-09-16 15:32:14,531 [INFO] english_helper.ui: Random quiz next question
2026-09-16 15:32:15,035 [INFO] english_helper.training: Answer submitted index=5 type=exam user=C correct=False
2026-09-16 15:32:15,036 [INFO] english_helper.ui: Random quiz selected option=C correct=False
2026-09-16 15:32:15,515 [INFO] english_helper.ui: Random quiz next question
2026-09-16 15:32:15,883 [INFO] english_helper.training: Answer submitted index=6 type=exam user=C correct=False
2026-09-16 15:32:15,883 [INFO] english_helper.ui: Random quiz selected option=C correct=False
2026-09-16 15:32:16,380 [INFO] english_helper.ui: Random quiz next question
2026-09-16 15:32:16,715 [INFO] english_helper.training: Answer submitted index=7 type=exam user=C correct=True
2026-09-16 15:32:16,715 [INFO] english_helper.ui: Random quiz selected option=C correct=True
2026-09-16 15:32:17,221 [INFO] english_helper.ui: Random quiz next question
2026-09-16 15:32:17,259 [INFO] english_helper.ui: Random quiz next question
2026-09-16 15:32:17,763 [INFO] english_helper.training: Answer submitted index=8 type=vocabulary user=C correct=False
2026-09-16 15:32:17,764 [INFO] english_helper.ui: Random quiz selected option=C correct=False
2026-09-16 15:32:18,371 [INFO] english_helper.ui: Random quiz next question
2026-09-16 15:32:18,708 [INFO] english_helper.training: Answer submitted index=9 type=vocabulary user=B correct=False
2026-09-16 15:32:18,708 [INFO] english_helper.ui: Random quiz selected option=B correct=False
2026-09-16 15:32:19,356 [INFO] english_helper.ui: Random quiz next question
2026-09-16 15:32:19,357 [INFO] english_helper.data: Saved training records count=1
2026-09-16 15:32:19,357 [INFO] english_helper.data: Appended training record total=1
2026-09-16 15:32:19,357 [INFO] english_helper.training: Quiz ended total=10 correct=3 accuracy=30.0
2026-09-16 15:32:26,867 [INFO] english_helper.training: Random quiz started total=10 difficulty=easy include_vocab=True include_exam=True
2026-09-16 15:32:26,868 [INFO] english_helper.training: Generated vocabulary question mode=ch2en word_id=1082
2026-09-16 15:32:26,868 [INFO] english_helper.training: Generated vocabulary question mode=ch2en word_id=1030
2026-09-16 15:32:26,869 [INFO] english_helper.training: Generated exam question year=111 type=綜合測驗 number=4
2026-09-16 15:32:26,869 [INFO] english_helper.training: Generated exam question year=112 type=綜合測驗 number=11
2026-09-16 15:32:26,869 [INFO] english_helper.training: Generated vocabulary question mode=en2ch word_id=1041
2026-09-16 15:32:26,869 [INFO] english_helper.training: Generated exam question year=113 type=綜合測驗 number=12
2026-09-16 15:32:26,869 [INFO] english_helper.training: Generated exam question year=110 type=綜合測驗 number=4
2026-09-16 15:32:26,870 [INFO] english_helper.training: Generated exam question year=112 type=文意字彙 number=8
2026-09-16 15:32:26,870 [INFO] english_helper.training: Generated exam question year=113 type=文意字彙 number=12
2026-09-16 15:32:26,870 [INFO] english_helper.training: Generated exam question year=114 type=文意字彙 number=12
2026-09-16 15:32:26,870 [INFO] english_helper.training: Random quiz question pool prepared count=10
2026-09-16 15:32:26,870 [INFO] english_helper.ui: Random quiz started from UI count=10 difficulty=easy include_vocab=True include_exam=True seed=2026-09-16
2026-09-16 15:32:27,588 [INFO] english_helper.training: Answer submitted index=0 type=vocabulary user=B correct=False
2026-09-16 15:32:27,589 [INFO] english_helper.ui: Random quiz selected option=B correct=False
2026-09-16 15:32:28,172 [INFO] english_helper.ui: Random quiz next question
2026-09-16 15:32:28,515 [INFO] english_helper.training: Answer submitted index=1 type=vocabulary user=C correct=True
2026-09-16 15:32:28,515 [INFO] english_helper.ui: Random quiz selected option=C correct=True
2026-09-16 15:32:29,019 [INFO] english_helper.ui: Random quiz next question
2026-09-16 15:32:29,043 [INFO] english_helper.ui: Random quiz next question
2026-09-16 15:32:29,387 [INFO] english_helper.training: Answer submitted index=2 type=exam user=B correct=True
2026-09-16 15:32:29,388 [INFO] english_helper.ui: Random quiz selected option=B correct=True
2026-09-16 15:32:29,896 [INFO] english_helper.ui: Random quiz next question
2026-09-16 15:32:29,903 [INFO] english_helper.ui: Random quiz next question
2026-09-16 15:32:30,212 [INFO] english_helper.training: Answer submitted index=3 type=exam user=B correct=False
2026-09-16 15:32:30,213 [INFO] english_helper.ui: Random quiz selected option=B correct=False
2026-09-16 15:32:30,716 [INFO] english_helper.ui: Random quiz next question
2026-09-16 15:32:31,011 [INFO] english_helper.training: Answer submitted index=4 type=vocabulary user=B correct=True
2026-09-16 15:32:31,012 [INFO] english_helper.ui: Random quiz selected option=B correct=True
2026-09-16 15:32:31,513 [INFO] english_helper.ui: Random quiz next question
2026-09-16 15:32:31,724 [INFO] english_helper.ui: Random quiz next question
2026-09-16 15:32:32,100 [INFO] english_helper.training: Answer submitted index=5 type=exam user=C correct=False
2026-09-16 15:32:32,101 [INFO] english_helper.ui: Random quiz selected option=C correct=False
2026-09-16 15:32:32,458 [INFO] english_helper.ui: Random quiz next question
2026-09-16 15:32:32,819 [INFO] english_helper.training: Answer submitted index=6 type=exam user=C correct=False
2026-09-16 15:32:32,820 [INFO] english_helper.ui: Random quiz selected option=C correct=False
2026-09-16 15:32:33,211 [INFO] english_helper.ui: Random quiz next question
2026-09-16 15:32:33,531 [INFO] english_helper.training: Answer submitted index=7 type=exam user=C correct=True
2026-09-16 15:32:33,531 [INFO] english_helper.ui: Random quiz selected option=C correct=True
2026-09-16 15:32:33,949 [INFO] english_helper.ui: Random quiz next question
2026-09-16 15:32:34,259 [INFO] english_helper.training: Answer submitted index=8 type=exam user=B correct=True
2026-09-16 15:32:34,260 [INFO] english_helper.ui: Random quiz selected option=B correct=True
2026-09-16 15:32:34,691 [INFO] english_helper.ui: Random quiz next question
2026-09-16 15:32:35,084 [INFO] english_helper.training: Answer submitted index=9 type=exam user=D correct=False
2026-09-16 15:32:35,084 [INFO] english_helper.ui: Random quiz selected option=D correct=False
2026-09-16 15:32:35,508 [INFO] english_helper.ui: Random quiz next question
2026-09-16 15:32:35,509 [INFO] english_helper.data: Saved training records count=2
2026-09-16 15:32:35,510 [INFO] english_helper.data: Appended training record total=2
2026-09-16 15:32:35,510 [INFO] english_helper.training: Quiz ended total=10 correct=5 accuracy=50.0
2026-09-16 15:32:38,068 [INFO] english_helper.ui: Random quiz next question
2026-09-16 15:35:59,070 [INFO] english_helper.data: Loaded custom vocabulary count=0
2026-09-16 15:35:59,070 [INFO] english_helper.data: Loaded training records count=2
2026-09-16 15:35:59,071 [INFO] english_helper.data: DataManager initialized
2026-09-16 15:35:59,263 [INFO] english_helper.data: Loaded exam questions from excel count=240
2026-09-16 15:35:59,263 [INFO] english_helper.ui: Application startup: exam questions loaded
2026-09-16 15:35:59,282 [INFO] english_helper.training: TrainingEngine initialized
2026-09-16 15:35:59,476 [INFO] english_helper.ui: Custom vocabulary table loaded count=0
2026-09-16 15:35:59,677 [INFO] english_helper.ui: Application window shown
2026-09-16 15:36:03,234 [INFO] english_helper.ui: Vocabulary training started mode=mixed
2026-09-16 15:36:03,235 [INFO] english_helper.training: Generated vocabulary question mode=ch2en word_id=4
2026-09-16 15:38:26,676 [INFO] english_helper.data: Loaded custom vocabulary count=0
2026-09-16 15:38:26,676 [INFO] english_helper.data: Loaded training records count=2
2026-09-16 15:38:26,677 [INFO] english_helper.data: Saved daily vocab stats date=2026-09-16 answered=0 correct=0 wrong=0
2026-09-16 15:38:26,677 [INFO] english_helper.data: Created new daily vocab stats file date=2026-09-16
2026-09-16 15:38:26,678 [INFO] english_helper.data: DataManager initialized
2026-09-16 15:39:58,746 [INFO] english_helper.data: Loaded custom vocabulary count=0
2026-09-16 15:39:58,747 [INFO] english_helper.data: Loaded training records count=2
2026-09-16 15:39:58,747 [INFO] english_helper.data: Loaded daily vocab stats date=2026-09-16 answered=0 correct=0 wrong=0
2026-09-16 15:39:58,747 [INFO] english_helper.data: DataManager initialized
2026-09-16 15:39:58,954 [INFO] english_helper.data: Loaded exam questions from excel count=240
2026-09-16 15:39:58,954 [INFO] english_helper.ui: Application startup: exam questions loaded
2026-09-16 15:39:58,972 [INFO] english_helper.training: TrainingEngine initialized
2026-09-16 15:39:59,163 [INFO] english_helper.ui: Custom vocabulary table loaded count=0
2026-09-16 15:39:59,370 [INFO] english_helper.ui: Application window shown
2026-09-16 15:40:27,802 [INFO] english_helper.training: Random quiz started total=10 difficulty=mixed include_vocab=False include_exam=True
2026-09-16 15:40:27,803 [INFO] english_helper.training: Generated exam question year=112 type=文意字彙 number=18
2026-09-16 15:40:27,803 [INFO] english_helper.training: Generated exam question year=113 type=綜合測驗 number=19
2026-09-16 15:40:27,804 [INFO] english_helper.training: Generated exam question year=113 type=綜合測驗 number=10
2026-09-16 15:40:27,804 [INFO] english_helper.training: Generated exam question year=114 type=文意字彙 number=19
2026-09-16 15:40:27,805 [INFO] english_helper.training: Generated exam question year=112 type=文意字彙 number=15
2026-09-16 15:40:27,805 [INFO] english_helper.training: Generated exam question year=114 type=文意字彙 number=13
2026-09-16 15:40:27,805 [INFO] english_helper.training: Generated exam question year=112 type=綜合測驗 number=9
2026-09-16 15:40:27,806 [INFO] english_helper.training: Generated exam question year=114 type=文意字彙 number=13
2026-09-16 15:40:27,806 [INFO] english_helper.training: Generated exam question year=112 type=綜合測驗 number=12
2026-09-16 15:40:27,807 [INFO] english_helper.training: Generated exam question year=113 type=綜合測驗 number=20
2026-09-16 15:40:27,807 [INFO] english_helper.training: Random quiz question pool prepared count=10
2026-09-16 15:40:27,807 [INFO] english_helper.ui: Random quiz started from UI count=10 difficulty=mixed include_vocab=False include_exam=True
2026-09-16 15:44:40,821 [INFO] english_helper.data: Loaded custom vocabulary count=0
2026-09-16 15:44:40,822 [INFO] english_helper.data: Loaded training records count=2
2026-09-16 15:44:40,822 [INFO] english_helper.data: Loaded daily vocab stats date=2026-09-16 answered=0 correct=0 wrong=0
2026-09-16 15:44:40,822 [INFO] english_helper.data: DataManager initialized
2026-09-16 15:44:41,016 [INFO] english_helper.data: Loaded exam questions from excel count=240
2026-09-16 15:44:41,017 [INFO] english_helper.ui: Application startup: exam questions loaded
2026-09-16 15:44:41,034 [INFO] english_helper.training: TrainingEngine initialized
2026-09-16 15:44:41,216 [INFO] english_helper.ui: Custom vocabulary table loaded count=0
2026-09-16 15:44:41,426 [INFO] english_helper.ui: Application window shown
2026-09-16 15:45:51,862 [INFO] english_helper.data: Loaded custom vocabulary count=0
2026-09-16 15:45:51,862 [INFO] english_helper.data: Loaded training records count=2
2026-09-16 15:45:51,863 [INFO] english_helper.data: Loaded daily vocab stats date=2026-09-16 answered=0 correct=0 wrong=0
2026-09-16 15:45:51,863 [INFO] english_helper.data: DataManager initialized
2026-09-16 15:45:52,054 [INFO] english_helper.data: Loaded exam questions from excel count=240
2026-09-16 15:45:52,054 [INFO] english_helper.ui: Application startup: exam questions loaded
2026-09-16 15:45:52,072 [INFO] english_helper.training: TrainingEngine initialized
2026-09-16 15:45:52,248 [INFO] english_helper.ui: Custom vocabulary table loaded count=0
2026-09-16 15:45:52,456 [INFO] english_helper.ui: Application window shown
2026-09-16 15:46:36,208 [INFO] english_helper.data: Loaded custom vocabulary count=0
2026-09-16 15:46:36,208 [INFO] english_helper.data: Loaded training records count=2
2026-09-16 15:46:36,209 [INFO] english_helper.data: Loaded daily vocab stats date=2026-09-16 answered=0 correct=0 wrong=0
2026-09-16 15:46:36,209 [INFO] english_helper.data: DataManager initialized
2026-09-16 15:46:36,405 [INFO] english_helper.data: Loaded exam questions from excel count=240
2026-09-16 15:46:36,405 [INFO] english_helper.ui: Application startup: exam questions loaded
2026-09-16 15:46:36,424 [INFO] english_helper.training: TrainingEngine initialized
2026-09-16 15:46:36,619 [INFO] english_helper.ui: Custom vocabulary table loaded count=0
2026-09-16 15:46:36,843 [INFO] english_helper.ui: Application window shown
2026-09-16 15:46:42,044 [INFO] english_helper.data: Loaded custom vocabulary count=0
2026-09-16 15:46:42,045 [INFO] english_helper.data: Loaded training records count=2
2026-09-16 15:46:42,045 [INFO] english_helper.data: Loaded daily vocab stats date=2026-09-16 answered=0 correct=0 wrong=0
2026-09-16 15:46:42,045 [INFO] english_helper.data: DataManager initialized
2026-09-16 15:46:42,247 [INFO] english_helper.data: Loaded exam questions from excel count=240
2026-09-16 15:46:42,247 [INFO] english_helper.ui: Application startup: exam questions loaded
2026-09-16 15:46:42,265 [INFO] english_helper.training: TrainingEngine initialized
2026-09-16 15:46:42,449 [INFO] english_helper.ui: Custom vocabulary table loaded count=0
2026-09-16 15:46:42,659 [INFO] english_helper.ui: Application window shown
2026-09-16 15:46:50,824 [INFO] english_helper.training: Random quiz started total=10 include_vocab=True include_exam=True
2026-09-16 15:46:50,825 [INFO] english_helper.training: Generated exam question year=114 type=文意字彙 number=12
2026-09-16 15:46:50,825 [INFO] english_helper.training: Generated exam question year=112 type=綜合測驗 number=6
2026-09-16 15:46:50,827 [INFO] english_helper.training: Generated vocabulary question mode=en2ch word_id=1040
2026-09-16 15:46:50,827 [INFO] english_helper.training: Generated exam question year=110 type=綜合測驗 number=4
2026-09-16 15:46:50,827 [INFO] english_helper.training: Generated vocabulary question mode=ch2en word_id=1061
2026-09-16 15:46:50,828 [INFO] english_helper.training: Generated vocabulary question mode=ch2en word_id=1013
2026-09-16 15:46:50,828 [INFO] english_helper.training: Generated exam question year=111 type=文意字彙 number=13
2026-09-16 15:46:50,829 [INFO] english_helper.training: Generated exam question year=110 type=文意字彙 number=4
2026-09-16 15:46:50,829 [INFO] english_helper.training: Generated vocabulary question mode=en2ch word_id=1050
2026-09-16 15:46:50,829 [INFO] english_helper.training: Generated exam question year=112 type=文意字彙 number=12
2026-09-16 15:46:50,829 [INFO] english_helper.training: Random quiz question pool prepared count=10
2026-09-16 15:46:50,830 [INFO] english_helper.ui: Random quiz started from UI count=10 include_vocab=True include_exam=True
2026-09-16 15:46:55,479 [INFO] english_helper.ui: Exam practice started year=None type=None
2026-09-16 15:48:43,264 [INFO] english_helper.data: Loaded custom vocabulary count=0
2026-09-16 15:48:43,265 [INFO] english_helper.data: Loaded training records count=2
2026-09-16 15:48:43,265 [INFO] english_helper.data: Loaded daily vocab stats date=2026-09-16 answered=0 correct=0 wrong=0
2026-09-16 15:48:43,265 [INFO] english_helper.data: DataManager initialized
2026-09-16 15:48:43,455 [INFO] english_helper.data: Loaded exam questions from excel count=240
2026-09-16 15:48:43,456 [INFO] english_helper.ui: Application startup: exam questions loaded
2026-09-16 15:48:43,475 [INFO] english_helper.training: TrainingEngine initialized
2026-09-16 15:48:43,683 [INFO] english_helper.ui: Custom vocabulary table loaded count=0
2026-09-16 15:48:43,887 [INFO] english_helper.ui: Application window shown
2026-09-16 15:48:51,919 [INFO] english_helper.ui: Exam practice started year=112 type=文意字彙
2026-09-16 15:48:54,407 [INFO] english_helper.ui: Exam practice selected option=C expected=A
2026-09-16 15:48:55,698 [INFO] english_helper.ui: Exam practice next question index=1 total=20
2026-09-16 15:48:56,032 [INFO] english_helper.ui: Exam practice selected option=B expected=B
2026-09-16 15:48:56,576 [INFO] english_helper.ui: Exam practice next question index=2 total=20
2026-09-16 15:48:56,839 [INFO] english_helper.ui: Exam practice selected option=C expected=C
2026-09-16 15:48:57,367 [INFO] english_helper.ui: Exam practice next question index=3 total=20
2026-09-16 15:48:57,600 [INFO] english_helper.ui: Exam practice selected option=C expected=A
2026-09-16 15:48:58,087 [INFO] english_helper.ui: Exam practice next question index=4 total=20
2026-09-16 15:48:58,335 [INFO] english_helper.ui: Exam practice selected option=C expected=D
2026-09-16 15:48:58,848 [INFO] english_helper.ui: Exam practice next question index=5 total=20
2026-09-16 15:48:59,729 [INFO] english_helper.ui: Exam practice selected option=D expected=B
2026-09-16 15:49:00,183 [INFO] english_helper.ui: Exam practice next question index=6 total=20
2026-09-16 15:49:00,486 [INFO] english_helper.ui: Exam practice selected option=C expected=D
2026-09-16 15:49:00,983 [INFO] english_helper.ui: Exam practice next question index=7 total=20
2026-09-16 15:49:02,318 [INFO] english_helper.ui: Exam practice selected option=B expected=C
2026-09-16 15:49:02,974 [INFO] english_helper.ui: Exam practice next question index=8 total=20
2026-09-16 15:49:03,326 [INFO] english_helper.ui: Exam practice selected option=D expected=C
2026-09-16 15:49:03,751 [INFO] english_helper.ui: Exam practice next question index=9 total=20
2026-09-16 15:49:04,607 [INFO] english_helper.ui: Exam practice selected option=D expected=B
2026-09-16 15:49:04,967 [INFO] english_helper.ui: Exam practice next question index=10 total=20
2026-09-16 15:49:05,766 [INFO] english_helper.ui: Exam practice selected option=D expected=B
2026-09-16 15:49:06,238 [INFO] english_helper.ui: Exam practice next question index=11 total=20
2026-09-16 15:49:06,982 [INFO] english_helper.ui: Exam practice selected option=D expected=B
2026-09-16 15:49:07,367 [INFO] english_helper.ui: Exam practice next question index=12 total=20
2026-09-16 15:49:07,664 [INFO] english_helper.ui: Exam practice selected option=C expected=A
2026-09-16 15:49:08,151 [INFO] english_helper.ui: Exam practice next question index=13 total=20
2026-09-16 15:49:08,446 [INFO] english_helper.ui: Exam practice selected option=B expected=B
2026-09-16 15:49:08,998 [INFO] english_helper.ui: Exam practice next question index=14 total=20
2026-09-16 15:49:09,286 [INFO] english_helper.ui: Exam practice selected option=D expected=C
2026-09-16 15:49:09,758 [INFO] english_helper.ui: Exam practice next question index=15 total=20
2026-09-16 15:49:10,703 [INFO] english_helper.ui: Exam practice selected option=D expected=C
2026-09-16 15:49:11,991 [INFO] english_helper.ui: Exam practice next question index=16 total=20
2026-09-16 15:49:12,398 [INFO] english_helper.ui: Exam practice selected option=C expected=A
2026-09-16 15:49:12,999 [INFO] english_helper.ui: Exam practice next question index=17 total=20
2026-09-16 15:49:13,335 [INFO] english_helper.ui: Exam practice selected option=C expected=D
2026-09-16 15:49:14,096 [INFO] english_helper.ui: Exam practice next question index=18 total=20
2026-09-16 15:49:14,430 [INFO] english_helper.ui: Exam practice selected option=C expected=A
2026-09-16 15:49:15,232 [INFO] english_helper.ui: Exam practice next question index=19 total=20
2026-09-16 15:49:15,591 [INFO] english_helper.ui: Exam practice selected option=C expected=D
2026-09-16 15:49:16,152 [INFO] english_helper.ui: Exam practice next question index=20 total=20
2026-09-16 16:21:48,429 [INFO] english_helper.data: Loaded custom vocabulary count=0
2026-09-16 16:21:48,430 [INFO] english_helper.data: Loaded training records count=2
2026-09-16 16:21:48,430 [INFO] english_helper.data: Loaded daily vocab stats date=2026-09-16 answered=0 correct=0 wrong=0
2026-09-16 16:21:48,431 [INFO] english_helper.data: DataManager initialized
2026-09-16 16:22:07,897 [INFO] english_helper.data: Loaded custom vocabulary count=0
2026-09-16 16:22:07,898 [INFO] english_helper.data: Loaded training records count=2
2026-09-16 16:22:07,898 [INFO] english_helper.data: Loaded daily vocab stats date=2026-09-16 answered=0 correct=0 wrong=0
2026-09-16 16:22:07,898 [INFO] english_helper.data: DataManager initialized
2026-09-16 16:22:57,100 [INFO] english_helper.data: Loaded custom vocabulary count=0
2026-09-16 16:22:57,100 [INFO] english_helper.data: Loaded training records count=0
2026-09-16 16:22:57,101 [INFO] english_helper.data: Loaded daily vocab stats date=2026-09-16 answered=0 correct=0 wrong=0
2026-09-16 16:22:57,101 [INFO] english_helper.data: DataManager initialized
